// Jest Snapshot v1, https://goo.gl/fbAQLP

exports[`<PosterList/> Presentational 로딩중 1`] = `
<div>
  <section
    class="sc-bdvvtL czXQXW"
  >
    <div
      class="sc-gsDKAQ ivqJhT"
    >
      <h2
        class="sc-dkPtRN dCiWcm"
      >
        현재상영중
      </h2>
    </div>
    <div
      class="sc-hKwDye gUmhIP"
    >
      <div
        class="sc-iqseJM bpmKrU"
      />
      <div
        class="sc-gKclnd eTmFfq"
      />
      <div
        class="sc-gKclnd eTmFfq"
      />
      <div
        class="sc-gKclnd eTmFfq"
      />
      <div
        class="sc-gKclnd eTmFfq"
      />
      <div
        class="sc-gKclnd eTmFfq"
      />
      <div
        class="sc-iqseJM bpmKrU"
      />
    </div>
  </section>
</div>
`;

exports[`<PosterList/> Presentational 에러발생 1`] = `
<div>
  <section
    class="sc-bdvvtL czXQXW"
  >
    <div
      class="sc-gsDKAQ ivqJhT"
    >
      <h2
        class="sc-dkPtRN dCiWcm"
      >
        현재상영중
      </h2>
    </div>
    <div
      class="sc-hKwDye gUmhIP"
    >
      <div
        class="sc-eCImPb dKlIwI"
      >
        에러 발생
      </div>
    </div>
  </section>
</div>
`;

exports[`<PosterList/> Presentational 정상 작동 마지막 페이지 1`] = `
<div>
  <section
    class="sc-bdvvtL czXQXW"
  >
    <div
      class="sc-gsDKAQ ivqJhT"
    >
      <h2
        class="sc-dkPtRN dCiWcm"
      >
        현재상영중
      </h2>
    </div>
    <div
      class="sc-hKwDye gUmhIP"
    >
      <div
        class="sc-iqseJM bpmKrU"
      />
      <a
        class="sc-jRQBWg iYPEWE"
        href="/moviedetail/1"
      >
        <img
          alt="poster"
          class="sc-iCfMLu ljhItf"
          src="https://image.tmdb.org/t/p/w500testPath"
        />
        <div
          class="sc-furwcr jChnMb movieinfo"
        >
          testOverview
        </div>
        <div
          class="sc-pVTFL liMNSY rating"
        >
          평점 
          9
        </div>
        <div
          class="sc-jrQzAO gTgYot moviename"
        >
          test
        </div>
      </a>
      <a
        class="sc-jRQBWg iYPEWE"
        href="/moviedetail/2"
      >
        <img
          alt="poster"
          class="sc-iCfMLu ljhItf"
          src="https://image.tmdb.org/t/p/w500testPath"
        />
        <div
          class="sc-furwcr jChnMb movieinfo"
        >
          testOverview
        </div>
        <div
          class="sc-pVTFL liMNSY rating"
        >
          평점 
          9
        </div>
        <div
          class="sc-jrQzAO gTgYot moviename"
        >
          test
        </div>
      </a>
      <a
        class="sc-jRQBWg iYPEWE"
        href="/moviedetail/3"
      >
        <img
          alt="poster"
          class="sc-iCfMLu ljhItf"
          src="https://image.tmdb.org/t/p/w500testPath"
        />
        <div
          class="sc-furwcr jChnMb movieinfo"
        >
          testOverview
        </div>
        <div
          class="sc-pVTFL liMNSY rating"
        >
          평점 
          9
        </div>
        <div
          class="sc-jrQzAO gTgYot moviename"
        >
          test
        </div>
      </a>
      <a
        class="sc-jRQBWg iYPEWE"
        href="/moviedetail/4"
      >
        <img
          alt="poster"
          class="sc-iCfMLu ljhItf"
          src="https://image.tmdb.org/t/p/w500testPath"
        />
        <div
          class="sc-furwcr jChnMb movieinfo"
        >
          testOverview
        </div>
        <div
          class="sc-pVTFL liMNSY rating"
        >
          평점 
          9
        </div>
        <div
          class="sc-jrQzAO gTgYot moviename"
        >
          test
        </div>
      </a>
      <a
        class="sc-jRQBWg iYPEWE"
        href="/moviedetail/5"
      >
        <img
          alt="poster"
          class="sc-iCfMLu ljhItf"
          src="https://image.tmdb.org/t/p/w500testPath"
        />
        <div
          class="sc-furwcr jChnMb movieinfo"
        >
          testOverview
        </div>
        <div
          class="sc-pVTFL liMNSY rating"
        >
          평점 
          9
        </div>
        <div
          class="sc-jrQzAO gTgYot moviename"
        >
          test
        </div>
      </a>
      <div
        class="sc-kDTinF cIWkgn"
      >
        <svg
          fill="none"
          height="40"
          stroke="currentColor"
          stroke-linecap="round"
          stroke-linejoin="round"
          stroke-width="2"
          viewBox="0 0 24 24"
          width="40"
          xmlns="http://www.w3.org/2000/svg"
        >
          <polyline
            points="9 18 15 12 9 6"
          />
        </svg>
      </div>
    </div>
  </section>
</div>
`;

exports[`<PosterList/> Presentational 정상 작동 중간 페이지 1`] = `
<div>
  <section
    class="sc-bdvvtL czXQXW"
  >
    <div
      class="sc-gsDKAQ ivqJhT"
    >
      <h2
        class="sc-dkPtRN dCiWcm"
      >
        현재상영중
      </h2>
    </div>
    <div
      class="sc-hKwDye gUmhIP"
    >
      <div
        class="sc-iqseJM bpmKrU"
      />
      <a
        class="sc-jRQBWg iYPEWE"
        href="/moviedetail/1"
      >
        <img
          alt="poster"
          class="sc-iCfMLu ljhItf"
          src="https://image.tmdb.org/t/p/w500testPath"
        />
        <div
          class="sc-furwcr jChnMb movieinfo"
        >
          testOverview
        </div>
        <div
          class="sc-pVTFL liMNSY rating"
        >
          평점 
          9
        </div>
        <div
          class="sc-jrQzAO gTgYot moviename"
        >
          test
        </div>
      </a>
      <a
        class="sc-jRQBWg iYPEWE"
        href="/moviedetail/2"
      >
        <img
          alt="poster"
          class="sc-iCfMLu ljhItf"
          src="https://image.tmdb.org/t/p/w500testPath"
        />
        <div
          class="sc-furwcr jChnMb movieinfo"
        >
          testOverview
        </div>
        <div
          class="sc-pVTFL liMNSY rating"
        >
          평점 
          9
        </div>
        <div
          class="sc-jrQzAO gTgYot moviename"
        >
          test
        </div>
      </a>
      <a
        class="sc-jRQBWg iYPEWE"
        href="/moviedetail/3"
      >
        <img
          alt="poster"
          class="sc-iCfMLu ljhItf"
          src="https://image.tmdb.org/t/p/w500testPath"
        />
        <div
          class="sc-furwcr jChnMb movieinfo"
        >
          testOverview
        </div>
        <div
          class="sc-pVTFL liMNSY rating"
        >
          평점 
          9
        </div>
        <div
          class="sc-jrQzAO gTgYot moviename"
        >
          test
        </div>
      </a>
      <a
        class="sc-jRQBWg iYPEWE"
        href="/moviedetail/4"
      >
        <img
          alt="poster"
          class="sc-iCfMLu ljhItf"
          src="https://image.tmdb.org/t/p/w500testPath"
        />
        <div
          class="sc-furwcr jChnMb movieinfo"
        >
          testOverview
        </div>
        <div
          class="sc-pVTFL liMNSY rating"
        >
          평점 
          9
        </div>
        <div
          class="sc-jrQzAO gTgYot moviename"
        >
          test
        </div>
      </a>
      <a
        class="sc-jRQBWg iYPEWE"
        href="/moviedetail/5"
      >
        <img
          alt="poster"
          class="sc-iCfMLu ljhItf"
          src="https://image.tmdb.org/t/p/w500testPath"
        />
        <div
          class="sc-furwcr jChnMb movieinfo"
        >
          testOverview
        </div>
        <div
          class="sc-pVTFL liMNSY rating"
        >
          평점 
          9
        </div>
        <div
          class="sc-jrQzAO gTgYot moviename"
        >
          test
        </div>
      </a>
      <div
        class="sc-kDTinF cIWkgn"
      >
        <svg
          fill="none"
          height="40"
          stroke="currentColor"
          stroke-linecap="round"
          stroke-linejoin="round"
          stroke-width="2"
          viewBox="0 0 24 24"
          width="40"
          xmlns="http://www.w3.org/2000/svg"
        >
          <polyline
            points="9 18 15 12 9 6"
          />
        </svg>
      </div>
    </div>
  </section>
</div>
`;

exports[`<PosterList/> Presentational 정상 작동 첫번째 페이지 1`] = `
<div>
  <section
    class="sc-bdvvtL czXQXW"
  >
    <div
      class="sc-gsDKAQ ivqJhT"
    >
      <h2
        class="sc-dkPtRN dCiWcm"
      >
        현재상영중
      </h2>
    </div>
    <div
      class="sc-hKwDye gUmhIP"
    >
      <div
        class="sc-iqseJM bpmKrU"
      />
      <a
        class="sc-jRQBWg iYPEWE"
        href="/moviedetail/1"
      >
        <img
          alt="poster"
          class="sc-iCfMLu ljhItf"
          src="https://image.tmdb.org/t/p/w500testPath"
        />
        <div
          class="sc-furwcr jChnMb movieinfo"
        >
          testOverview
        </div>
        <div
          class="sc-pVTFL liMNSY rating"
        >
          평점 
          9
        </div>
        <div
          class="sc-jrQzAO gTgYot moviename"
        >
          test
        </div>
      </a>
      <a
        class="sc-jRQBWg iYPEWE"
        href="/moviedetail/2"
      >
        <img
          alt="poster"
          class="sc-iCfMLu ljhItf"
          src="https://image.tmdb.org/t/p/w500testPath"
        />
        <div
          class="sc-furwcr jChnMb movieinfo"
        >
          testOverview
        </div>
        <div
          class="sc-pVTFL liMNSY rating"
        >
          평점 
          9
        </div>
        <div
          class="sc-jrQzAO gTgYot moviename"
        >
          test
        </div>
      </a>
      <a
        class="sc-jRQBWg iYPEWE"
        href="/moviedetail/3"
      >
        <img
          alt="poster"
          class="sc-iCfMLu ljhItf"
          src="https://image.tmdb.org/t/p/w500testPath"
        />
        <div
          class="sc-furwcr jChnMb movieinfo"
        >
          testOverview
        </div>
        <div
          class="sc-pVTFL liMNSY rating"
        >
          평점 
          9
        </div>
        <div
          class="sc-jrQzAO gTgYot moviename"
        >
          test
        </div>
      </a>
      <a
        class="sc-jRQBWg iYPEWE"
        href="/moviedetail/4"
      >
        <img
          alt="poster"
          class="sc-iCfMLu ljhItf"
          src="https://image.tmdb.org/t/p/w500testPath"
        />
        <div
          class="sc-furwcr jChnMb movieinfo"
        >
          testOverview
        </div>
        <div
          class="sc-pVTFL liMNSY rating"
        >
          평점 
          9
        </div>
        <div
          class="sc-jrQzAO gTgYot moviename"
        >
          test
        </div>
      </a>
      <a
        class="sc-jRQBWg iYPEWE"
        href="/moviedetail/5"
      >
        <img
          alt="poster"
          class="sc-iCfMLu ljhItf"
          src="https://image.tmdb.org/t/p/w500testPath"
        />
        <div
          class="sc-furwcr jChnMb movieinfo"
        >
          testOverview
        </div>
        <div
          class="sc-pVTFL liMNSY rating"
        >
          평점 
          9
        </div>
        <div
          class="sc-jrQzAO gTgYot moviename"
        >
          test
        </div>
      </a>
      <div
        class="sc-kDTinF cIWkgn"
      >
        <svg
          fill="none"
          height="40"
          stroke="currentColor"
          stroke-linecap="round"
          stroke-linejoin="round"
          stroke-width="2"
          viewBox="0 0 24 24"
          width="40"
          xmlns="http://www.w3.org/2000/svg"
        >
          <polyline
            points="9 18 15 12 9 6"
          />
        </svg>
      </div>
    </div>
  </section>
</div>
`;

exports[`PosterList Presentational 로딩중 1`] = `
<div>
  <section
    class="sc-bdvvtL czXQXW"
  >
    <div
      class="sc-gsDKAQ ivqJhT"
    >
      <h2
        class="sc-dkPtRN dCiWcm"
      >
        현재상영중
      </h2>
    </div>
    <div
      class="sc-hKwDye gUmhIP"
    >
      <div
        class="sc-iqseJM bpmKrU"
      />
      <div
        class="sc-gKclnd eTmFfq"
      />
      <div
        class="sc-gKclnd eTmFfq"
      />
      <div
        class="sc-gKclnd eTmFfq"
      />
      <div
        class="sc-gKclnd eTmFfq"
      />
      <div
        class="sc-gKclnd eTmFfq"
      />
      <div
        class="sc-iqseJM bpmKrU"
      />
    </div>
  </section>
</div>
`;

exports[`PosterList Presentational 에러발생 1`] = `
<div>
  <section
    class="sc-bdvvtL czXQXW"
  >
    <div
      class="sc-gsDKAQ ivqJhT"
    >
      <h2
        class="sc-dkPtRN dCiWcm"
      >
        현재상영중
      </h2>
    </div>
    <div
      class="sc-hKwDye gUmhIP"
    >
      <div
        class="sc-eCImPb dKlIwI"
      >
        에러 발생
      </div>
    </div>
  </section>
</div>
`;

exports[`PosterList Presentational 정상 작동 마지막 페이지 1`] = `
<div>
  <section
    class="sc-bdvvtL czXQXW"
  >
    <div
      class="sc-gsDKAQ ivqJhT"
    >
      <h2
        class="sc-dkPtRN dCiWcm"
      >
        현재상영중
      </h2>
    </div>
    <div
      class="sc-hKwDye gUmhIP"
    >
      <div
        class="sc-iqseJM bpmKrU"
      />
      <a
        class="sc-jRQBWg iYPEWE"
        href="/moviedetail/1"
      >
        <img
          alt="poster"
          class="sc-iCfMLu ljhItf"
          src="https://image.tmdb.org/t/p/w500testPath"
        />
        <div
          class="sc-furwcr jChnMb movieinfo"
        >
          testOverview
        </div>
        <div
          class="sc-pVTFL liMNSY rating"
        >
          평점 
          9
        </div>
        <div
          class="sc-jrQzAO gTgYot moviename"
        >
          test
        </div>
      </a>
      <a
        class="sc-jRQBWg iYPEWE"
        href="/moviedetail/2"
      >
        <img
          alt="poster"
          class="sc-iCfMLu ljhItf"
          src="https://image.tmdb.org/t/p/w500testPath"
        />
        <div
          class="sc-furwcr jChnMb movieinfo"
        >
          testOverview
        </div>
        <div
          class="sc-pVTFL liMNSY rating"
        >
          평점 
          9
        </div>
        <div
          class="sc-jrQzAO gTgYot moviename"
        >
          test
        </div>
      </a>
      <a
        class="sc-jRQBWg iYPEWE"
        href="/moviedetail/3"
      >
        <img
          alt="poster"
          class="sc-iCfMLu ljhItf"
          src="https://image.tmdb.org/t/p/w500testPath"
        />
        <div
          class="sc-furwcr jChnMb movieinfo"
        >
          testOverview
        </div>
        <div
          class="sc-pVTFL liMNSY rating"
        >
          평점 
          9
        </div>
        <div
          class="sc-jrQzAO gTgYot moviename"
        >
          test
        </div>
      </a>
      <a
        class="sc-jRQBWg iYPEWE"
        href="/moviedetail/4"
      >
        <img
          alt="poster"
          class="sc-iCfMLu ljhItf"
          src="https://image.tmdb.org/t/p/w500testPath"
        />
        <div
          class="sc-furwcr jChnMb movieinfo"
        >
          testOverview
        </div>
        <div
          class="sc-pVTFL liMNSY rating"
        >
          평점 
          9
        </div>
        <div
          class="sc-jrQzAO gTgYot moviename"
        >
          test
        </div>
      </a>
      <a
        class="sc-jRQBWg iYPEWE"
        href="/moviedetail/5"
      >
        <img
          alt="poster"
          class="sc-iCfMLu ljhItf"
          src="https://image.tmdb.org/t/p/w500testPath"
        />
        <div
          class="sc-furwcr jChnMb movieinfo"
        >
          testOverview
        </div>
        <div
          class="sc-pVTFL liMNSY rating"
        >
          평점 
          9
        </div>
        <div
          class="sc-jrQzAO gTgYot moviename"
        >
          test
        </div>
      </a>
      <div
        class="sc-kDTinF cIWkgn"
      >
        <svg
          fill="none"
          height="40"
          stroke="currentColor"
          stroke-linecap="round"
          stroke-linejoin="round"
          stroke-width="2"
          viewBox="0 0 24 24"
          width="40"
          xmlns="http://www.w3.org/2000/svg"
        >
          <polyline
            points="9 18 15 12 9 6"
          />
        </svg>
      </div>
    </div>
  </section>
</div>
`;

exports[`PosterList Presentational 정상 작동 중간 페이지 1`] = `
<div>
  <section
    class="sc-bdvvtL czXQXW"
  >
    <div
      class="sc-gsDKAQ ivqJhT"
    >
      <h2
        class="sc-dkPtRN dCiWcm"
      >
        현재상영중
      </h2>
    </div>
    <div
      class="sc-hKwDye gUmhIP"
    >
      <div
        class="sc-iqseJM bpmKrU"
      />
      <a
        class="sc-jRQBWg iYPEWE"
        href="/moviedetail/1"
      >
        <img
          alt="poster"
          class="sc-iCfMLu ljhItf"
          src="https://image.tmdb.org/t/p/w500testPath"
        />
        <div
          class="sc-furwcr jChnMb movieinfo"
        >
          testOverview
        </div>
        <div
          class="sc-pVTFL liMNSY rating"
        >
          평점 
          9
        </div>
        <div
          class="sc-jrQzAO gTgYot moviename"
        >
          test
        </div>
      </a>
      <a
        class="sc-jRQBWg iYPEWE"
        href="/moviedetail/2"
      >
        <img
          alt="poster"
          class="sc-iCfMLu ljhItf"
          src="https://image.tmdb.org/t/p/w500testPath"
        />
        <div
          class="sc-furwcr jChnMb movieinfo"
        >
          testOverview
        </div>
        <div
          class="sc-pVTFL liMNSY rating"
        >
          평점 
          9
        </div>
        <div
          class="sc-jrQzAO gTgYot moviename"
        >
          test
        </div>
      </a>
      <a
        class="sc-jRQBWg iYPEWE"
        href="/moviedetail/3"
      >
        <img
          alt="poster"
          class="sc-iCfMLu ljhItf"
          src="https://image.tmdb.org/t/p/w500testPath"
        />
        <div
          class="sc-furwcr jChnMb movieinfo"
        >
          testOverview
        </div>
        <div
          class="sc-pVTFL liMNSY rating"
        >
          평점 
          9
        </div>
        <div
          class="sc-jrQzAO gTgYot moviename"
        >
          test
        </div>
      </a>
      <a
        class="sc-jRQBWg iYPEWE"
        href="/moviedetail/4"
      >
        <img
          alt="poster"
          class="sc-iCfMLu ljhItf"
          src="https://image.tmdb.org/t/p/w500testPath"
        />
        <div
          class="sc-furwcr jChnMb movieinfo"
        >
          testOverview
        </div>
        <div
          class="sc-pVTFL liMNSY rating"
        >
          평점 
          9
        </div>
        <div
          class="sc-jrQzAO gTgYot moviename"
        >
          test
        </div>
      </a>
      <a
        class="sc-jRQBWg iYPEWE"
        href="/moviedetail/5"
      >
        <img
          alt="poster"
          class="sc-iCfMLu ljhItf"
          src="https://image.tmdb.org/t/p/w500testPath"
        />
        <div
          class="sc-furwcr jChnMb movieinfo"
        >
          testOverview
        </div>
        <div
          class="sc-pVTFL liMNSY rating"
        >
          평점 
          9
        </div>
        <div
          class="sc-jrQzAO gTgYot moviename"
        >
          test
        </div>
      </a>
      <div
        class="sc-kDTinF cIWkgn"
      >
        <svg
          fill="none"
          height="40"
          stroke="currentColor"
          stroke-linecap="round"
          stroke-linejoin="round"
          stroke-width="2"
          viewBox="0 0 24 24"
          width="40"
          xmlns="http://www.w3.org/2000/svg"
        >
          <polyline
            points="9 18 15 12 9 6"
          />
        </svg>
      </div>
    </div>
  </section>
</div>
`;

exports[`PosterList Presentational 정상 작동 첫번째 페이지 1`] = `
<div>
  <section
    class="sc-bdvvtL czXQXW"
  >
    <div
      class="sc-gsDKAQ ivqJhT"
    >
      <h2
        class="sc-dkPtRN dCiWcm"
      >
        현재상영중
      </h2>
    </div>
    <div
      class="sc-hKwDye gUmhIP"
    >
      <div
        class="sc-iqseJM bpmKrU"
      />
      <a
        class="sc-jRQBWg iYPEWE"
        href="/moviedetail/1"
      >
        <img
          alt="poster"
          class="sc-iCfMLu ljhItf"
          src="https://image.tmdb.org/t/p/w500testPath"
        />
        <div
          class="sc-furwcr jChnMb movieinfo"
        >
          testOverview
        </div>
        <div
          class="sc-pVTFL liMNSY rating"
        >
          평점 
          9
        </div>
        <div
          class="sc-jrQzAO gTgYot moviename"
        >
          test
        </div>
      </a>
      <a
        class="sc-jRQBWg iYPEWE"
        href="/moviedetail/2"
      >
        <img
          alt="poster"
          class="sc-iCfMLu ljhItf"
          src="https://image.tmdb.org/t/p/w500testPath"
        />
        <div
          class="sc-furwcr jChnMb movieinfo"
        >
          testOverview
        </div>
        <div
          class="sc-pVTFL liMNSY rating"
        >
          평점 
          9
        </div>
        <div
          class="sc-jrQzAO gTgYot moviename"
        >
          test
        </div>
      </a>
      <a
        class="sc-jRQBWg iYPEWE"
        href="/moviedetail/3"
      >
        <img
          alt="poster"
          class="sc-iCfMLu ljhItf"
          src="https://image.tmdb.org/t/p/w500testPath"
        />
        <div
          class="sc-furwcr jChnMb movieinfo"
        >
          testOverview
        </div>
        <div
          class="sc-pVTFL liMNSY rating"
        >
          평점 
          9
        </div>
        <div
          class="sc-jrQzAO gTgYot moviename"
        >
          test
        </div>
      </a>
      <a
        class="sc-jRQBWg iYPEWE"
        href="/moviedetail/4"
      >
        <img
          alt="poster"
          class="sc-iCfMLu ljhItf"
          src="https://image.tmdb.org/t/p/w500testPath"
        />
        <div
          class="sc-furwcr jChnMb movieinfo"
        >
          testOverview
        </div>
        <div
          class="sc-pVTFL liMNSY rating"
        >
          평점 
          9
        </div>
        <div
          class="sc-jrQzAO gTgYot moviename"
        >
          test
        </div>
      </a>
      <a
        class="sc-jRQBWg iYPEWE"
        href="/moviedetail/5"
      >
        <img
          alt="poster"
          class="sc-iCfMLu ljhItf"
          src="https://image.tmdb.org/t/p/w500testPath"
        />
        <div
          class="sc-furwcr jChnMb movieinfo"
        >
          testOverview
        </div>
        <div
          class="sc-pVTFL liMNSY rating"
        >
          평점 
          9
        </div>
        <div
          class="sc-jrQzAO gTgYot moviename"
        >
          test
        </div>
      </a>
      <div
        class="sc-kDTinF cIWkgn"
      >
        <svg
          fill="none"
          height="40"
          stroke="currentColor"
          stroke-linecap="round"
          stroke-linejoin="round"
          stroke-width="2"
          viewBox="0 0 24 24"
          width="40"
          xmlns="http://www.w3.org/2000/svg"
        >
          <polyline
            points="9 18 15 12 9 6"
          />
        </svg>
      </div>
    </div>
  </section>
</div>
`;
